COMMAND: npm run build
EXIT_CODE: 0
DURATION_MS: 28621.298


> safeflash@0.1.0 build
> npm run build --workspace @safeflash/web


> @safeflash/web@0.1.0 build
> npm run typecheck && next build --experimental-build-mode compile && next build --experimental-build-mode generate


> @safeflash/web@0.1.0 typecheck
> tsc --noEmit

▲ Next.js 16.2.11 (Turbopack)

  Creating an optimized production build ...
✓ Compiled successfully in 16.2s
  Collecting page data using 13 workers ...
  Finalizing page optimization ...
  Build ran with "compile" mode, to finalize the build run either "generate" or "generate-env" mode as well

Route (app)
┌ ƒ /
├ ƒ /_not-found
├ ƒ /api/copilotkit
├ ƒ /api/copilotkit/info
├ ƒ /api/device
├ ƒ /api/sessions
├ ƒ /api/sessions/[sessionId]
├ ƒ /api/sessions/[sessionId]/decision
├ ƒ /api/sessions/[sessionId]/retry
├ ƒ /icon.svg
└ ƒ /policy-composer


ƒ  (Dynamic)  server-rendered on demand

▲ Next.js 16.2.11 (Turbopack)

  Creating an optimized production build ...
  Collecting page data using 13 workers ...
  Generating static pages using 13 workers (0/4) ...
  Generating static pages using 13 workers (1/4) 
  Generating static pages using 13 workers (2/4) 
  Generating static pages using 13 workers (3/4) 
✓ Generating static pages using 13 workers (4/4) in 1256ms
  Finalizing page optimization ...

Route (app)
┌ ○ /
├ ○ /_not-found
├ ƒ /api/copilotkit
├ ƒ /api/copilotkit/info
├ ƒ /api/device
├ ƒ /api/sessions
├ ƒ /api/sessions/[sessionId]
├ ƒ /api/sessions/[sessionId]/decision
├ ƒ /api/sessions/[sessionId]/retry
├ ○ /icon.svg
└ ƒ /policy-composer


○  (Static)   prerendered as static content
ƒ  (Dynamic)  server-rendered on demand



STDERR:
Turbopack build encountered 1 warnings:
./apps/web/next.config.ts
Encountered unexpected file in NFT list
A file was traced that indicates that the whole project was traced unintentionally. Somewhere in the import trace below, there are:
- filesystem operations (like path.join, path.resolve or fs.readFile), or
- very dynamic requires (like require('./' + foo)).
To resolve this, you can
- remove them if possible, or
- only use them in development, or
- make sure they are statically scoped to some subfolder: path.join(process.cwd(), 'data', bar), or
- add ignore comments: path.join(/*turbopackIgnore: true*/ process.cwd(), bar)

Import trace:
  App Route:
    ./apps/web/next.config.ts
    ./apps/orchestrator/src/local-tournament.ts
    ./apps/web/server/session-service.ts
    ./apps/web/app/api/sessions/[sessionId]/retry/route.ts


