COMMAND=npm run prepare:demo-pr -- --dry-run
EXIT_CODE=0
PRE_REMOTE_REFS=7e7f5007c9c6e834ee6bc398273701dd30d2bfbd refs/heads/main
PRE_PULL_REQUESTS=[]
PRE_LOCAL_BRANCHES=refs/heads/hackathon/safety-tournament:7e7f5007c9c6e834ee6bc398273701dd30d2bfbd,refs/heads/main:29378c54ec2d349ac5494bf454f967579876413c
DAY_OF_CHECK=PASS
PHASE_7A_RESULT=CREDENTIAL_READY
LIVE_CERTIFIED=NO
PREPARE_DEMO_PR=PASS
MODE=DRY_RUN
TARGET_REPOSITORY=https://github.com/Frankie744/safeflash-ai
PROPOSED_BASE=main
SOURCE_COMMIT=7e7f5007c9c6e834ee6bc398273701dd30d2bfbd
BRANCH_CREATED=NO
PUSH_PERFORMED=NO
PULL_REQUEST_CREATED=NO
MUTATIONS_PERFORMED=NO
POST_REMOTE_REFS=7e7f5007c9c6e834ee6bc398273701dd30d2bfbd refs/heads/main
POST_PULL_REQUESTS=[]
POST_LOCAL_BRANCHES=refs/heads/hackathon/safety-tournament:7e7f5007c9c6e834ee6bc398273701dd30d2bfbd,refs/heads/main:29378c54ec2d349ac5494bf454f967579876413c
DRY_RUN_REMOTE_REFS_UNCHANGED=PASS
DRY_RUN_PULL_REQUESTS_UNCHANGED=PASS
DRY_RUN_LOCAL_BRANCHES_UNCHANGED=PASS
DRY_RUN_REMOTE_BRANCH_COUNT=1
DRY_RUN_PULL_REQUEST_COUNT=0
