AUTHORIZED_TARGET=https://github.com/Frankie744/safeflash-ai
GH_VERSION=2.96.0
GH_AUTH_STATUS=PASS
AUTHENTICATED_OWNER=Frankie744
SAFEFLASH_ROOT_CONFIRMED=PASS
INITIAL_WORKTREE=CLEAN
INITIAL_REQUIRED_HEAD=b8e7396246ec35d032808850fa38a4ec783ca0cb
INITIAL_LOCAL_HEAD=b8e7396246ec35d032808850fa38a4ec783ca0cb
INITIAL_HEAD_MATCH=PASS
INITIAL_REMOTES=NONE
TRACKED_ENV_FILES=NONE
LOCAL_ENV_FILES=ABSENT
GITHUB_TOKEN_RUNTIME=ABSENT
PRE_CREATE_SECRET_SCAN=PASS
PRE_CREATE_VERIFY_P0=PASS
PUBLIC_HISTORY_SECRET_AUDIT=PASS
REPOSITORY_EXISTENCE_BEFORE_CREATE=NOT_FOUND
GITHUB_REPOSITORY_CREATED=PASS
GITHUB_OWNER=Frankie744
GITHUB_REPO=safeflash-ai
GITHUB_VISIBILITY=PUBLIC
GITHUB_DEFAULT_BRANCH=main
GITHUB_IS_FORK=false
GITHUB_IS_ARCHIVED=false
GITHUB_DESCRIPTION=The safety gate for AI-generated firmware.
ORIGIN_FETCH=https://github.com/Frankie744/safeflash-ai.git
ORIGIN_PUSH=https://github.com/Frankie744/safeflash-ai.git
INITIAL_PUSH_LOCAL_HEAD=b8e7396246ec35d032808850fa38a4ec783ca0cb
INITIAL_PUSH_REMOTE_MAIN=b8e7396246ec35d032808850fa38a4ec783ca0cb
INITIAL_PUSH_SHA_MATCH=PASS
PHASE_7A_FAST_FORWARD_HEAD=7e7f5007c9c6e834ee6bc398273701dd30d2bfbd
FORCE_PUSH_PERFORMED=NO
EXTRA_REMOTE_BRANCH_CREATED=NO
